package main

import "github.com/miyamo2/braider/pkg/annotation"

// Simple App annotation referencing main function
var _ = annotation.App(main) // want "bootstrap code is missing"

func main() {
	_ = dependency

}

// braider:hash:19ec58501c83d1da
var dependency = func() struct {
	userService *UserService
} {
	userRepository := NewUserRepository()
	userService := NewUserService(userRepository)
	return struct {
		userService *UserService
	}{
		userService: userService,
	}
}()
