package main

import (
	"github.com/miyamo2/braider/pkg/annotation"
	"github.com/miyamo2/braider/pkg/annotation/app"
	"samefileapp/service"
)

// Same package, multiple Apps - should use first one only
var _ = annotation.App[app.Default](main) // want "bootstrap code is missing"

var _ = annotation.App[app.Default](main) // want "another annotation.App in the same package is being applied"

func main() {
	_ = dependency
}

// braider:hash:e283a390796ffc62
var dependency = func() struct {
	service *service.Service
} {
	service := service.NewService()
	return struct {
		service *service.Service
	}{
		service: service,
	}
}()
