package main

import (
	"github.com/miyamo2/braider/pkg/annotation"
	"github.com/miyamo2/braider/pkg/annotation/app"
	"os"
)

var _ = annotation.App[app.Default](main) // want "bootstrap code is missing"

func main() {
	_ = dependency
}

// braider:hash:b06552341d31dd61
var dependency = func() struct {
} {
	_ = os.Stdout
	return struct {
	}{}
}()
