package main

import (
	"github.com/miyamo2/braider/pkg/annotation"
	"github.com/miyamo2/braider/pkg/annotation/app"
	"modulewide/repository"
	"modulewide/service"
)

var _ = annotation.App[app.Default](main) // want "bootstrap code is missing"

func main() {
	_ = dependency
}

// braider:hash:d16470e0c184eafe
var dependency = func() struct {
	orderRepository *repository.OrderRepository
	userRepository  *repository.UserRepository
	userService     *service.UserService
} {
	orderRepository := repository.NewOrderRepository()
	userRepository := repository.NewUserRepository()
	userService := service.NewUserService(userRepository)
	return struct {
		orderRepository *repository.OrderRepository
		userRepository  *repository.UserRepository
		userService     *service.UserService
	}{
		orderRepository: orderRepository,
		userRepository:  userRepository,
		userService:     userService,
	}
}()
