package main

import (
	"example.com/ifacedep/repository"
	"example.com/ifacedep/service"
	"github.com/miyamo2/braider/pkg/annotation"
)

var _ = annotation.App(main) // want "bootstrap code is missing"

func main() {
	_ = dependency
}

// braider:hash:dc2e20c9a883d990
var dependency = func() struct {
	userService *service.UserService
} {
	userRepository := repository.NewUserRepository()
	userService := service.NewUserService(userRepository)
	return struct {
		userService *service.UserService
	}{
		userService: userService,
	}
}()
