package main

import (
	"github.com/miyamo2/braider/pkg/annotation"
	app "github.com/miyamo2/braider/pkg/annotation/app"
)

var _ = annotation.App[app.Default](main) // want "bootstrap code is missing"

func main() {
	_ = dependency

}

// braider:hash:e3b0c44298fc1c14
var dependency = func() struct {
} {
	return struct {
	}{}
}()
