package main

import (
	"github.com/miyamo2/braider/pkg/annotation"
	"github.com/miyamo2/braider/pkg/annotation/app"
	"os"
	"variable_ident_ext_type/config"
)

var _ = annotation.App[app.Default](main) // want "bootstrap code is missing"

func main() {
	_ = dependency
}

// braider:hash:cc6aeee335bed8fc
var dependency = func() struct {
} {
	_ = config.Output
	return struct {
	}{}
}()
