package main

import (
	"crosspackage/repository"
	"crosspackage/service"
	"github.com/miyamo2/braider/pkg/annotation"
)

var _ = annotation.App(main) // want "bootstrap code is missing"

func main() {
	_ = dependency
}

// braider:hash:331d8086ae6b5001
var dependency = func() struct {
	userService UserService
} {
	userRepository := NewUserRepository()
	userService := NewUserService(userRepository)
	return struct {
		userService UserService
	}{
		userService: userService,
	}
}()