package main

import (
	"example.com/basic/service"
	"github.com/miyamo2/braider/pkg/annotation"
	"github.com/miyamo2/braider/pkg/annotation/app"
)

var _ = annotation.App[app.Default](main) // want "bootstrap code is missing"

func main() {
	_ = dependency
}

// braider:hash:968350576b93dcd4
var dependency = func() struct {
	userService *service.UserService
} {
	userService := service.NewUserService()
	return struct {
		userService *service.UserService
	}{
		userService: userService,
	}
}()