package main

import (
	"github.com/miyamo2/braider/pkg/annotation"
	"iface/repository"
	"iface/service"
)

var _ = annotation.App(main) // want "bootstrap code is missing"

func main() {
	_ = dependency
}

// braider:hash:520042624f3072e5
var dependency = func() struct {
	userRepository *repository.UserRepository
	userService    *service.UserService
} {
	userRepository := repository.NewUserRepository()
	userService := service.NewUserService(userRepository)
	return struct {
		userRepository *repository.UserRepository
		userService    *service.UserService
	}{
		userRepository: userRepository,
		userService:    userService,
	}
}()
