package main

import (
	"crosspackage/repository"
	"crosspackage/service"
	"github.com/miyamo2/braider/pkg/annotation"
	"github.com/miyamo2/braider/pkg/annotation/app"
)

var _ = annotation.App[app.Default](main) // want "bootstrap code is missing"

func main() {
	_ = dependency
}

// braider:hash:11f2b525c20aa659
var dependency = func() struct {
	userRepository repository.UserRepository
	userService    *service.UserService
} {
	userRepository := repository.NewUserRepository()
	userService := service.NewUserService(userRepository)
	return struct {
		userRepository repository.UserRepository
		userService    *service.UserService
	}{
		userRepository: userRepository,
		userService:    userService,
	}
}()
