package main

import (
	"error_struct_tag_empty/service"
	"github.com/miyamo2/braider/pkg/annotation"
	"github.com/miyamo2/braider/pkg/annotation/app"
)

var _ = annotation.App[app.Default](main) // want "bootstrap code is missing"

func main() {
	_ = dependency
}

// braider:hash:fb737cb9c455bae4
var dependency = func() struct {
	loggerImpl *service.LoggerImpl
	appService *service.AppService
} {
	loggerImpl := service.NewLoggerImpl()
	appService := service.NewAppService(loggerImpl)
	return struct {
		loggerImpl *service.LoggerImpl
		appService *service.AppService
	}{
		loggerImpl: loggerImpl,
		appService: appService,
	}
}()
