package main

import (
	"example.com/multitype/repository"
	"example.com/multitype/service"
	"github.com/miyamo2/braider/pkg/annotation"
)

var _ = annotation.App(main) // want "bootstrap code is missing"

func main() {
	_ = dependency
}

// braider:hash:d813e486975059e7
var dependency = func() struct {
	orderRepository repository.OrderRepository
	userRepository  repository.UserRepository
	orderService    *service.OrderService
	userService     *service.UserService
} {
	orderRepository := repository.NewOrderRepository()
	userRepository := repository.NewUserRepository()
	orderService := service.NewOrderService(orderRepository)
	userService := service.NewUserService(userRepository)
	return struct {
		orderRepository repository.OrderRepository
		userRepository  repository.UserRepository
		orderService    *service.OrderService
		userService     *service.UserService
	}{
		orderRepository: orderRepository,
		userRepository:  userRepository,
		orderService:    orderService,
		userService:     userService,
	}
}()