package main

import (
	"github.com/miyamo2/braider/pkg/annotation"
	"github.com/miyamo2/braider/pkg/annotation/app"
)

var _ = annotation.App[app.Default](main) // want "circular dependency detected: circular/service.ServiceA -> circular/service.ServiceB -> circular/service.ServiceA"

func main() {}
