package main

import (
	"github.com/miyamo2/braider/pkg/annotation"
	"github.com/miyamo2/braider/pkg/annotation/app"
	"provide_named/repository"
)

var _ = annotation.App[app.Default](main) // want "bootstrap code is missing"

func main() {
	_ = dependency
}

// braider:hash:a85b239d4a9d5269
var dependency = func() struct {
	primaryRepo *repository.UserRepository
} {
	primaryRepo := repository.NewUserRepository()
	return struct {
		primaryRepo *repository.UserRepository
	}{
		primaryRepo: primaryRepo,
	}
}()
