package main

import (
	"github.com/miyamo2/braider/pkg/annotation"
	"github.com/miyamo2/braider/pkg/annotation/app"
	"struct_tag_all_excluded/service"
)

var _ = annotation.App[app.Default](main) // want "bootstrap code is missing"

func main() {
	_ = dependency
}

// braider:hash:5979bcbd0a799f21
var dependency = func() struct {
	appService *service.AppService
} {
	appService := service.NewAppService()
	return struct {
		appService *service.AppService
	}{
		appService: appService,
	}
}()
