package main

import (
	"github.com/miyamo2/braider/pkg/annotation"
	"os"
	"variable_typed/domain"
)

var _ = annotation.App(main) // want "bootstrap code is missing"

func main() {
	_ = dependency
}

// braider:hash:121a804f81cc777c
var dependency = func() struct {
} {
	_ = os.Stdout
	return struct {
	}{}
}()
