package main

import (
	"github.com/miyamo2/braider/pkg/annotation"
	"outdated/service"
)

var _ = annotation.App(main) // want "bootstrap code is outdated"

func main() {
	_ = dependency
}

// braider:hash:8492ed8dce9ed68c
var dependency = func() struct {
	orderService *service.OrderService
	userService  *service.UserService
} {
	orderService := service.NewOrderService()
	userService := service.NewUserService()
	return struct {
		orderService *service.OrderService
		userService  *service.UserService
	}{
		orderService: orderService,
		userService:  userService,
	}
}()
