package main

import (
	"example.com/depblank/service"
	"github.com/miyamo2/braider/pkg/annotation"
	app "github.com/miyamo2/braider/pkg/annotation/app"
)

var _ = annotation.App[app.Default](main) // want "bootstrap code is outdated"

func main() {
	// _ = dependency already exists, should not add another one
	_ = dependency
}

// braider:hash:4d2d9a054a34574b
var dependency = func() struct {
	itemService *service.ItemService
	userService *service.UserService
} {
	itemService := service.NewItemService()
	userService := service.NewUserService()
	return struct {
		itemService *service.ItemService
		userService *service.UserService
	}{
		itemService: itemService,
		userService: userService,
	}
}()
